syntax_error.js:22: SyntaxError: Unexpected end of input
